12:35:11 **** Incremental Build of configuration Debug for project PLL_SYSCLK ****
make -j4 all 
arm-none-eabi-gcc "../Src/main.c" -mcpu=cortex-m4 -std=gnu11 -g3 -DUSE_HAL_DRIVER -DSTM32F303xE -DDEBUG -c -I../Inc -I../Drivers/CMSIS/Include -I../Drivers/STM32F3xx_HAL_Driver/Inc -I../Drivers/STM32F3xx_HAL_Driver/Inc/Legacy -I../Drivers/CMSIS/Device/ST/STM32F3xx/Include -O0 -ffunction-sections -fdata-sections -Wall -fstack-usage -MMD -MP -MF"Src/main.d" -MT"Src/main.o" --specs=nano.specs -mfpu=fpv4-sp-d16 -mfloat-abi=hard -mthumb -o "Src/main.o"
arm-none-eabi-gcc -o "PLL_SYSCLK.elf" @"objects.list"   -mcpu=cortex-m4 -T"C:\Users\hqnqb\STM32CubeIDE\workspace_1.3.0\PLL_SYSCLK\STM32F303RETX_FLASH.ld" --specs=nosys.specs -Wl,-Map="PLL_SYSCLK.map" -Wl,--gc-sections -static --specs=nano.specs -mfpu=fpv4-sp-d16 -mfloat-abi=hard -mthumb -Wl,--start-group -lc -lm -Wl,--end-group
Finished building target: PLL_SYSCLK.elf
 
arm-none-eabi-objdump -h -S  PLL_SYSCLK.elf  > "PLL_SYSCLK.list"
arm-none-eabi-objcopy  -O binary  PLL_SYSCLK.elf  "PLL_SYSCLK.bin"
arm-none-eabi-size   PLL_SYSCLK.elf 
   text	   data	    bss	    dec	    hex	filename
  12520	    120	   1816	  14456	   3878	PLL_SYSCLK.elf
Finished building: default.size.stdout
 
Finished building: PLL_SYSCLK.bin
Finished building: PLL_SYSCLK.list
 
 

12:35:15 Build Finished. 0 errors, 0 warnings. (took 4s.240ms)

