14:02:58 **** Incremental Build of configuration Debug for project Timer6_Project ****
make -j4 all 
arm-none-eabi-gcc "../Src/main.c" -mcpu=cortex-m4 -std=gnu11 -g3 -DUSE_HAL_DRIVER -DSTM32F303xE -DDEBUG -c -I../Inc -I../Drivers/CMSIS/Include -I../Drivers/STM32F3xx_HAL_Driver/Inc -I../Drivers/STM32F3xx_HAL_Driver/Inc/Legacy -I../Drivers/CMSIS/Device/ST/STM32F3xx/Include -O0 -ffunction-sections -fdata-sections -Wall -fstack-usage -MMD -MP -MF"Src/main.d" -MT"Src/main.o" --specs=nano.specs -mfpu=fpv4-sp-d16 -mfloat-abi=hard -mthumb -o "Src/main.o"
arm-none-eabi-gcc -o "Timer6_Project.elf" @"objects.list"   -mcpu=cortex-m4 -T"C:\Users\hqnqb\STM32CubeIDE\workspace_1.3.0\Timer6_Project\STM32F303RETX_FLASH.ld" --specs=nosys.specs -Wl,-Map="Timer6_Project.map" -Wl,--gc-sections -static --specs=nano.specs -mfpu=fpv4-sp-d16 -mfloat-abi=hard -mthumb -Wl,--start-group -lc -lm -Wl,--end-group
Finished building target: Timer6_Project.elf
 
arm-none-eabi-objdump -h -S  Timer6_Project.elf  > "Timer6_Project.list"
arm-none-eabi-objcopy  -O binary  Timer6_Project.elf  "Timer6_Project.bin"
arm-none-eabi-size   Timer6_Project.elf 
   text	   data	    bss	    dec	    hex	filename
   3128	     20	   1636	   4784	   12b0	Timer6_Project.elf
Finished building: default.size.stdout
 
Finished building: Timer6_Project.bin
 
Finished building: Timer6_Project.list
 

14:03:01 Build Finished. 0 errors, 0 warnings. (took 3s.351ms)

